// Jest Snapshot v1, https://goo.gl/fbAQLP

exports[`renders homepage unchanged 1`] = `
<div>
  <h2
    class="MuiTypography-root MuiTypography-h2 MuiTypography-alignCenter"
  >
    Boilerplate
  </h2>
</div>
`;
